// Jest Snapshot v1, https://goo.gl/fbAQLP

exports[`Test <HookApp /> should work well 1`] = `
<div>
  <h1>
    Hola Mundo
  </h1>
</div>
`;
